PS C:\Users\Dell\Downloads\git sem 2> cd c-activity-sets    
PS C:\Users\Dell\Downloads\git sem 2\c-activity-sets> cd set02
PS C:\Users\Dell\Downloads\git sem 2\c-activity-sets\set02> git add .
PS C:\Users\Dell\Downloads\git sem 2\c-activity-sets\set02> git commit -m "test"  
On branch main
Your branch is ahead of 'origin/main' by 2 commits.
  (use "git push" to publish your local commits)

nothing to commit, working tree clean
PS C:\Users\Dell\Downloads\git sem 2\c-activity-sets\set02> git push .
Everything up-to-date
PS C:\Users\Dell\Downloads\git sem 2\c-activity-sets\set02> gcc -O0 -g problem03.c
PS C:\Users\Dell\Downloads\git sem 2\c-activity-sets\set02> gdb a.exe
GNU gdb (GDB) 7.6.1
Copyright (C) 2013 Free Software Foundation, Inc.
License GPLv3+: GNU GPL version 3 or later <http://gnu.org/licenses/gpl.html>
This is free software: you are free to change and redistribute it.
There is NO WARRANTY, to the extent permitted by law.  Type "show copying"
and "show warranty" for details.
This GDB was configured as "mingw32".
For bug reporting instructions, please see:
<http://www.gnu.org/software/gdb/bugs/>...
Reading symbols from C:\Users\Dell\Downloads\git sem 2\c-activity-sets\set02\a.exe...done.
(gdb) l
1       #include<stdio.h>
2
3       int input_number();
4       int is_composite(int n);
5       void output(int n,int result);
6
7       int main()
8       {
9           int number, result;
10          number= input_number();
(gdb) r
Starting program: C:\Users\Dell\Downloads\git sem 2\c-activity-sets\set02/a.exe 
[New Thread 18852.0x1d78]
[New Thread 18852.0x4990]
Enter a number:8
8 is a composite number.
[Inferior 1 (process 18852) exited normally]
(gdb) b
No default breakpoint address now.
(gdb) s
The program is not being run.
(gdb) q
PS C:\Users\Dell\Downloads\git sem 2\c-activity-sets\set02>
