PS C:\Users\Dell\Downloads\git sem 2\c-activity-sets\set01> gdb .\problem01.exe
GNU gdb (GDB) 7.6.1
Copyright (C) 2013 Free Software Foundation, Inc.
License GPLv3+: GNU GPL version 3 or later <http://gnu.org/licenses/gpl.html>
This is free software: you are free to change and redistribute it.
There is NO WARRANTY, to the extent permitted by law.  Type "show copying"
and "show warranty" for details.
This GDB was configured as "mingw32".
For bug reporting instructions, please see:
<http://www.gnu.org/software/gdb/bugs/>...
Reading symbols from C:\Users\Dell\Downloads\git sem 2\c-activity-sets\set01\problem01.exe...done.
(gdb) l 
warning: Source file is more recent than executable.
1       // 1. Write a C program to print your name.
2       #include<stdio.h>
3       int main()
4
5       {
6           printf("Aishwarya R");
7           return 0;
8       }
(gdb) b main
Breakpoint 1 at 0x40146e: file problem01.c, line 6.
(gdb) r
Starting program: C:\Users\Dell\Downloads\git sem 2\c-activity-sets\set01/.\problem01.exe
[New Thread 11392.0x1bd4]
[New Thread 11392.0xb18]

Breakpoint 1, main () at problem01.c:6
6           printf("Aishwarya R");
(gdb) L
1       // 1. Write a C program to print your name.
2       #include<stdio.h>
3       int main()
4
5       {
6           printf("Aishwarya R");
7           return 0;
8       }
(gdb)  b 5
Note: breakpoint 1 also set at pc 0x40146e.
Breakpoint 2 at 0x40146e: file problem01.c, line 5.
(gdb) b 11
No line 11 in the current file.
Make breakpoint pending on future shared library load? (y or [n]) y
Breakpoint 3 (11) pending.
(gdb) b 12
No line 12 in the current file.
Make breakpoint pending on future shared library load? (y or [n]) y
Breakpoint 4 (12) pending.
(gdb) info b
Num     Type           Disp Enb Address    What
1       breakpoint     keep y   0x0040146e in main at problem01.c:6
        breakpoint already hit 1 time
2       breakpoint     keep y   0x0040146e in main at problem01.c:5
3       breakpoint     keep y   <PENDING>  11
4       breakpoint     keep y   <PENDING>  12
(gdb) disable 3
(gdb) info 3
Undefined info command: "3".  Try "help info".
(gdb) info b
Num     Type           Disp Enb Address    What
1       breakpoint     keep y   0x0040146e in main at problem01.c:6
        breakpoint already hit 1 time
2       breakpoint     keep y   0x0040146e in main at problem01.c:5
3       breakpoint     keep n   <PENDING>  11
4       breakpoint     keep y   <PENDING>  12
(gdb) r 
The program being debugged has been started already.
Start it from the beginning? (y or n) y
error return ../../gdb-7.6.1/gdb/windows-nat.c:1275 was 5
Starting program: C:\Users\Dell\Downloads\git sem 2\c-activity-sets\set01/.\problem01.exe 
[New Thread 9048.0x2960]
[New Thread 9048.0x3f8c]

Breakpoint 1, main () at problem01.c:6
6           printf("Aishwarya R");
(gdb) print a
No symbol "a" in current context.
(gdb) print result
No symbol "result" in current context.
(gdb) r
The program being debugged has been started already.
Start it from the beginning? (y or n) y
error return ../../gdb-7.6.1/gdb/windows-nat.c:1275 was 5
Starting program: C:\Users\Dell\Downloads\git sem 2\c-activity-sets\set01/.\problem01.exe 
[New Thread 9240.0x1b8c]
[New Thread 9240.0x3cc8]

Breakpoint 1, main () at problem01.c:6
6           printf("Aishwarya R");
(gdb)
