PS C:\Users\Dell\Downloads\git sem 2> cd c-activity-sets 
PS C:\Users\Dell\Downloads\git sem 2\c-activity-sets> cd set01       
PS C:\Users\Dell\Downloads\git sem 2\c-activity-sets\set01> gcc -g -O0 problem01.c -o problem01.exe
PS C:\Users\Dell\Downloads\git sem 2\c-activity-sets\set01> gcc -g -O0 problem02.c -o problem02.exe
PS C:\Users\Dell\Downloads\git sem 2\c-activity-sets\set01> gbd
gbd : The term 'gbd' is not recognized as the name of a cmdlet, function, script file, or operable program. Check the spelling of the name, or if 
a path was included, verify that the path is correct and try again.
At line:1 char:1
+ gbd
+ ~~~
    + CategoryInfo          : ObjectNotFound: (gbd:String) [], CommandNotFoundException
    + FullyQualifiedErrorId : CommandNotFoundException
 
PS C:\Users\Dell\Downloads\git sem 2\c-activity-sets\set01> gdb
GNU gdb (GDB) 7.6.1
Copyright (C) 2013 Free Software Foundation, Inc.
License GPLv3+: GNU GPL version 3 or later <http://gnu.org/licenses/gpl.html>
This is free software: you are free to change and redistribute it.
There is NO WARRANTY, to the extent permitted by law.  Type "show copying"
and "show warranty" for details.
This GDB was configured as "mingw32".
For bug reporting instructions, please see:
<http://www.gnu.org/software/gdb/bugs/>.
(gdb) L
No symbol table is loaded.  Use the "file" command.
(gdb) l
No symbol table is loaded.  Use the "file" command.
(gdb) file
No executable file now.
No symbol file now.
(gdb) file ./problem02
Reading symbols from C:\Users\Dell\Downloads\git sem 2\c-activity-sets\set01\problem02.exe...done.
(gdb) l
1       //2. Write a C program to add two numbers.
2       #include<stdio.h>
3       int main()
4       {
5           int x,y,sum=0;
6           printf("Enter the first number:");
7           scanf("%d",&x);
8
9           printf("Enter the second number:");
10          scanf("%d",&y);
(gdb) r
Starting program: C:\Users\Dell\Downloads\git sem 2\c-activity-sets\set01/./problem02.exe
[New Thread 7812.0x4284]
[New Thread 7812.0xb70]
Enter the first number:2
Enter the second number:4
6
[Inferior 1 (process 7812) exited normally]
(gdb) q
PS C:\Users\Dell\Downloads\git sem 2\c-activity-sets\set01> 
